测试
[
]
